#!cubit
reset
create brick x 1
split curve 2  fraction 0.3 from start 
vol 1 size auto factor 5
mesh vol 1

create brick x 1
move vol 2 x 2
split curve 16 fraction 0.3 from start 
vol 2 size auto factor 5
vol 2 scheme tetmesh
mesh vol 2

block 1 add vol 1
#block 1 element type hex20
block 2 add vol 2
#block 2 element type tetra10

create displacement  on surface 3 9 dof all fix 0 

sideset 1 add surface 5
sideset 1 name "top_quad"
sideset 2 add surface 11
sideset 2 name "top_tri"


ccx create surfacetraction sideset 1 force_dof_1 0 force_dof_2 1 force_dof_3 0 name "top_quad"
ccx create surfacetraction sideset 2 force_dof_1 0 force_dof_2 1 force_dof_3 0 name "top_tri" 

ccx import materiallibrary name "steel_S235_DNV2013" groupname "Example Materials RSMITH/Steel" cubit_name "steel_S235_DNV2013"

ccx create section solid block all material 1

ccx create step name "static" static
ccx step 1 add load surfacetraction 1 2

ccx step 1 add bc displacement 1
ccx create fieldoutput name "fo" node
ccx modify fieldoutput 1 node
ccx modify fieldoutput 1 node key_on U RF
ccx modify fieldoutput 1 node key_off CP DEPF DEPT DTF HCRI KEQ MACH MAXU MF NT PNT POT PRF PS PSF PT PTF PU RFL SEN TS TSF TT TTF TURB V VF 
ccx create fieldoutput name "eo" element
ccx modify fieldoutput 2 element
ccx modify fieldoutput 2 element key_on E S 
ccx modify fieldoutput 2 element key_off CEEQ ECD EMFB EMFE ENER ERR HER HFL HFLF MAXE MAXS ME PEEQ PHS SF SMID SNEG SPOS SVF SDV THE ZZS 
ccx step 1 add fieldoutput 1
ccx step 1 add fieldoutput 2

ccx create job name "surfacetraction"

export ccx "surfacetraction.inp" overwrite

